../Core/Src/ITG3205.c:12:6:Gyro_Writebyte	24	static
../Core/Src/ITG3205.c:23:9:Gyro_Readbyte	24	static
../Core/Src/ITG3205.c:39:6:Gyro_Init	16	static
../Core/Src/ITG3205.c:69:6:Read_Gyro	40	static
../Core/Src/ITG3205.c:91:6:Calibrate_Gyro	40	static
../Core/Src/ITG3205.c:128:6:Read_Gyro_Temperature	40	static
../Core/Src/ITG3205.c:148:6:Set_Gyro_ScaledFactor	32	static
../Core/Src/ITG3205.c:163:6:Set_Gyro_Offsets	24	static
../Core/Src/ITG3205.c:171:9:Get_Gyro_SampleRateDiv	16	static
../Core/Src/ITG3205.c:176:6:Set_Gyro_SampleRateDiv	16	static
../Core/Src/ITG3205.c:181:9:Get_Gyro_FSRange	24	static
../Core/Src/ITG3205.c:188:6:Set_Gyro_FSRange	24	static
../Core/Src/ITG3205.c:195:9:Get_Gyro_FilterBW	24	static
../Core/Src/ITG3205.c:202:6:Set_Gyro_FilterBW	24	static
../Core/Src/ITG3205.c:209:6:is_Gyro_INTActiveOnLow	24	static
../Core/Src/ITG3205.c:216:6:Set_Gyro_INTDriveType	24	static
../Core/Src/ITG3205.c:223:6:is_Gyro_LatchUntilCleard	24	static
../Core/Src/ITG3205.c:230:6:Set_Gyro_LatchMode	24	static
../Core/Src/ITG3205.c:237:6:is_Gyro_AnyRegClrMode	24	static
../Core/Src/ITG3205.c:244:6:Set_Gyro_LatchClearMode	24	static
../Core/Src/ITG3205.c:251:6:is_Gyro_RawDataReadyOn	24	static
../Core/Src/ITG3205.c:258:6:Set_Gyro_RawDataReady	24	static
../Core/Src/ITG3205.c:265:6:is_Gyro_ITGReady	24	static
../Core/Src/ITG3205.c:272:6:is_Gyro_RawDataReady	24	static
../Core/Src/ITG3205.c:282:6:Reset_Gyro	16	static
../Core/Src/ITG3205.c:288:6:is_Gyro_LowPower	24	static
../Core/Src/ITG3205.c:295:6:Set_Gyro_PowerMode	24	static
../Core/Src/ITG3205.c:302:6:is_XgyroStandby	24	static
../Core/Src/ITG3205.c:310:6:is_YgyroStandby	24	static
../Core/Src/ITG3205.c:317:6:is_ZgyroStandby	24	static
../Core/Src/ITG3205.c:325:6:Set_XgyroStandby	24	static
../Core/Src/ITG3205.c:332:6:Set_YgyroStandby	24	static
../Core/Src/ITG3205.c:339:6:Set_ZgyroStandby	24	static
../Core/Src/ITG3205.c:347:10:Get_ClockSource	24	static
../Core/Src/ITG3205.c:354:6:Set_Gyro_ClockSource	24	static
